-- Using CATKIN_DEVEL_PREFIX: /home/rmajetson/Work_2025/jetson/robot_ws/devel/.private/robot_base_controller
-- Using CMAKE_PREFIX_PATH: /home/rmajetson/Work_2025/jetson/robot_ws/devel/.private/catkin_tools_prebuild;/home/rmajetson/Work_2025/jetson/robot_ws/devel;/home/rmajetson/Trekking_2025/Jetson/catkin_ws/devel;/home/rmajetson/catkin_ws/devel;/opt/ros/noetic;/usr/local;/usr/local
-- This workspace overlays: /home/rmajetson/Work_2025/jetson/robot_ws/devel/.private/catkin_tools_prebuild;/home/rmajetson/Work_2025/jetson/robot_ws/devel;/home/rmajetson/Trekking_2025/Jetson/catkin_ws/devel;/home/rmajetson/catkin_ws/devel;/opt/ros/noetic
-- Found PythonInterp: /usr/bin/python3 (found suitable version "3.8.10", minimum required is "3") 
-- Using PYTHON_EXECUTABLE: /usr/bin/python3
-- Using Debian Python package layout
-- Using empy: /usr/lib/python3/dist-packages/em.py
-- Using CATKIN_ENABLE_TESTING: ON
-- Call enable_testing()
-- Using CATKIN_TEST_RESULTS_DIR: /home/rmajetson/Work_2025/jetson/robot_ws/build/robot_base_controller/test_results
-- Forcing gtest/gmock from source, though one was otherwise available.
-- Found gtest sources under '/usr/src/googletest': gtests will be built
-- Found gmock sources under '/usr/src/googletest': gmock will be built
-- Found PythonInterp: /usr/bin/python3 (found version "3.8.10") 
-- Using Python nosetests: /usr/bin/nosetests3
-- catkin 0.8.12
-- BUILD_SHARED_LIBS is on
-- Using these message generators: gencpp;geneus;genlisp;gennodejs;genpy
-- robot_base_controller: 3 messages, 0 services
-- Installing devel-space wrapper /home/rmajetson/Work_2025/jetson/robot_ws/src/robot_base_controller/scripts/i2c_master.py to /home/rmajetson/Work_2025/jetson/robot_ws/devel/.private/robot_base_controller/lib/robot_base_controller
-- Installing devel-space wrapper /home/rmajetson/Work_2025/jetson/robot_ws/src/robot_base_controller/scripts/mqtt_server.py to /home/rmajetson/Work_2025/jetson/robot_ws/devel/.private/robot_base_controller/lib/robot_base_controller
-- Installing devel-space wrapper /home/rmajetson/Work_2025/jetson/robot_ws/src/robot_base_controller/scripts/move_time.py to /home/rmajetson/Work_2025/jetson/robot_ws/devel/.private/robot_base_controller/lib/robot_base_controller
-- Installing devel-space wrapper /home/rmajetson/Work_2025/jetson/robot_ws/src/robot_base_controller/scripts/align_block.py to /home/rmajetson/Work_2025/jetson/robot_ws/devel/.private/robot_base_controller/lib/robot_base_controller
-- Installing devel-space wrapper /home/rmajetson/Work_2025/jetson/robot_ws/src/robot_base_controller/scripts/border_detect.py to /home/rmajetson/Work_2025/jetson/robot_ws/devel/.private/robot_base_controller/lib/robot_base_controller
-- Installing devel-space wrapper /home/rmajetson/Work_2025/jetson/robot_ws/src/robot_base_controller/scripts/search_block.py to /home/rmajetson/Work_2025/jetson/robot_ws/devel/.private/robot_base_controller/lib/robot_base_controller
-- Configuring done
-- Generating done
-- Build files have been written to: /home/rmajetson/Work_2025/jetson/robot_ws/build/robot_base_controller
[35m[1mScanning dependencies of target std_msgs_generate_messages_lisp[0m
[35m[1mScanning dependencies of target _robot_base_controller_generate_messages_check_deps_UltrasonicDistances[0m
[35m[1mScanning dependencies of target _robot_base_controller_generate_messages_check_deps_velocity_data[0m
[35m[1mScanning dependencies of target std_msgs_generate_messages_py[0m
[35m[1mScanning dependencies of target _robot_base_controller_generate_messages_check_deps_encoder_data[0m
[  0%] Built target std_msgs_generate_messages_lisp
[35m[1mScanning dependencies of target std_msgs_generate_messages_nodejs[0m
[  0%] Built target std_msgs_generate_messages_py
[35m[1mScanning dependencies of target std_msgs_generate_messages_cpp[0m
[  0%] Built target std_msgs_generate_messages_nodejs
[35m[1mScanning dependencies of target std_msgs_generate_messages_eus[0m
[  0%] Built target _robot_base_controller_generate_messages_check_deps_velocity_data
[  0%] Built target std_msgs_generate_messages_cpp
[35m[1mScanning dependencies of target hw_interface[0m
[  0%] Built target _robot_base_controller_generate_messages_check_deps_UltrasonicDistances
[  0%] Built target std_msgs_generate_messages_eus
[  0%] Built target _robot_base_controller_generate_messages_check_deps_encoder_data
[35m[1mScanning dependencies of target robot_base_controller_generate_messages_nodejs[0m
[35m[1mScanning dependencies of target robot_base_controller_generate_messages_lisp[0m
[35m[1mScanning dependencies of target robot_base_controller_generate_messages_py[0m
[35m[1mScanning dependencies of target robot_base_controller_generate_messages_eus[0m
[35m[1mScanning dependencies of target robot_base_controller_generate_messages_cpp[0m
[  5%] [34m[1mGenerating Javascript code from robot_base_controller/encoder_data.msg[0m
[ 10%] [34m[1mGenerating EusLisp code from robot_base_controller/encoder_data.msg[0m
[ 15%] [34m[1mGenerating Lisp code from robot_base_controller/encoder_data.msg[0m
[ 21%] [32mBuilding CXX object CMakeFiles/hw_interface.dir/src/hw_interface.cpp.o[0m
[ 26%] [34m[1mGenerating C++ code from robot_base_controller/encoder_data.msg[0m
[ 31%] [34m[1mGenerating Python from MSG robot_base_controller/encoder_data[0m
[ 36%] [34m[1mGenerating Lisp code from robot_base_controller/velocity_data.msg[0m
[ 42%] [34m[1mGenerating Javascript code from robot_base_controller/velocity_data.msg[0m
[ 47%] [34m[1mGenerating EusLisp code from robot_base_controller/velocity_data.msg[0m
[ 52%] [34m[1mGenerating Lisp code from robot_base_controller/UltrasonicDistances.msg[0m
[ 57%] [34m[1mGenerating C++ code from robot_base_controller/velocity_data.msg[0m
[ 63%] [34m[1mGenerating Javascript code from robot_base_controller/UltrasonicDistances.msg[0m
[ 68%] [34m[1mGenerating EusLisp code from robot_base_controller/UltrasonicDistances.msg[0m
[ 68%] Built target robot_base_controller_generate_messages_nodejs
[ 68%] Built target robot_base_controller_generate_messages_lisp
[ 73%] [34m[1mGenerating Python from MSG robot_base_controller/velocity_data[0m
[ 78%] [34m[1mGenerating Python from MSG robot_base_controller/UltrasonicDistances[0m
[ 84%] [34m[1mGenerating C++ code from robot_base_controller/UltrasonicDistances.msg[0m
[ 89%] [34m[1mGenerating EusLisp manifest code for robot_base_controller[0m
[ 89%] Built target robot_base_controller_generate_messages_cpp
[ 94%] [34m[1mGenerating Python msg __init__.py for robot_base_controller[0m
[ 94%] Built target robot_base_controller_generate_messages_py
[ 94%] Built target robot_base_controller_generate_messages_eus
[35m[1mScanning dependencies of target robot_base_controller_generate_messages[0m
[ 94%] Built target robot_base_controller_generate_messages
[100%] [32m[1mLinking CXX executable /home/rmajetson/Work_2025/jetson/robot_ws/devel/.private/robot_base_controller/lib/robot_base_controller/hw_interface[0m
[100%] Built target hw_interface
