Performing C SOURCE FILE Test CMAKE_HAVE_LIBC_PTHREAD failed with the following output:
Change Dir: /home/rmajetson/Work_2025/a/robot_ws/build/realsense2_description/CMakeFiles/CMakeTmp

Run Build Command(s):/usr/bin/make cmTC_52bac/fast && /usr/bin/make -f CMakeFiles/cmTC_52bac.dir/build.make CMakeFiles/cmTC_52bac.dir/build
make[1]: Entering directory '/home/rmajetson/Work_2025/a/robot_ws/build/realsense2_description/CMakeFiles/CMakeTmp'
Building C object CMakeFiles/cmTC_52bac.dir/src.c.o
/usr/bin/cc   -DCMAKE_HAVE_LIBC_PTHREAD   -o CMakeFiles/cmTC_52bac.dir/src.c.o   -c /home/rmajetson/Work_2025/a/robot_ws/build/realsense2_description/CMakeFiles/CMakeTmp/src.c
Linking C executable cmTC_52bac
/usr/bin/cmake -E cmake_link_script CMakeFiles/cmTC_52bac.dir/link.txt --verbose=1
/usr/bin/cc  -DCMAKE_HAVE_LIBC_PTHREAD    -rdynamic CMakeFiles/cmTC_52bac.dir/src.c.o  -o cmTC_52bac 
/usr/bin/ld: CMakeFiles/cmTC_52bac.dir/src.c.o: in function `main':
src.c:(.text+0x48): undefined reference to `pthread_create'
/usr/bin/ld: src.c:(.text+0x50): undefined reference to `pthread_detach'
/usr/bin/ld: src.c:(.text+0x5c): undefined reference to `pthread_join'
collect2: error: ld returned 1 exit status
make[1]: *** [CMakeFiles/cmTC_52bac.dir/build.make:87: cmTC_52bac] Error 1
make[1]: Leaving directory '/home/rmajetson/Work_2025/a/robot_ws/build/realsense2_description/CMakeFiles/CMakeTmp'
make: *** [Makefile:121: cmTC_52bac/fast] Error 2


Source file was:
#include <pthread.h>

void* test_func(void* data)
{
  return data;
}

int main(void)
{
  pthread_t thread;
  pthread_create(&thread, NULL, test_func, NULL);
  pthread_detach(thread);
  pthread_join(thread, NULL);
  pthread_atfork(NULL, NULL, NULL);
  pthread_exit(NULL);

  return 0;
}

Determining if the function pthread_create exists in the pthreads failed with the following output:
Change Dir: /home/rmajetson/Work_2025/a/robot_ws/build/realsense2_description/CMakeFiles/CMakeTmp

Run Build Command(s):/usr/bin/make cmTC_45711/fast && /usr/bin/make -f CMakeFiles/cmTC_45711.dir/build.make CMakeFiles/cmTC_45711.dir/build
make[1]: Entering directory '/home/rmajetson/Work_2025/a/robot_ws/build/realsense2_description/CMakeFiles/CMakeTmp'
Building C object CMakeFiles/cmTC_45711.dir/CheckFunctionExists.c.o
/usr/bin/cc   -DCHECK_FUNCTION_EXISTS=pthread_create   -o CMakeFiles/cmTC_45711.dir/CheckFunctionExists.c.o   -c /usr/share/cmake-3.16/Modules/CheckFunctionExists.c
Linking C executable cmTC_45711
/usr/bin/cmake -E cmake_link_script CMakeFiles/cmTC_45711.dir/link.txt --verbose=1
/usr/bin/cc  -DCHECK_FUNCTION_EXISTS=pthread_create    -rdynamic CMakeFiles/cmTC_45711.dir/CheckFunctionExists.c.o  -o cmTC_45711  -lpthreads 
/usr/bin/ld: cannot find -lpthreads
collect2: error: ld returned 1 exit status
make[1]: *** [CMakeFiles/cmTC_45711.dir/build.make:87: cmTC_45711] Error 1
make[1]: Leaving directory '/home/rmajetson/Work_2025/a/robot_ws/build/realsense2_description/CMakeFiles/CMakeTmp'
make: *** [Makefile:121: cmTC_45711/fast] Error 2



