-- Using CATKIN_DEVEL_PREFIX: /home/rmajetson/Work_2025/jetson/robot_ws/devel/.private/robot_scheduler
-- Using CMAKE_PREFIX_PATH: /home/rmajetson/Work_2025/jetson/robot_ws/devel/.private/catkin_tools_prebuild;/home/rmajetson/Work_2025/jetson/robot_ws/devel;/home/rmajetson/Trekking_2025/Jetson/catkin_ws/devel;/home/rmajetson/catkin_ws/devel;/opt/ros/noetic;/usr/local;/usr/local
-- This workspace overlays: /home/rmajetson/Work_2025/jetson/robot_ws/devel/.private/catkin_tools_prebuild;/home/rmajetson/Work_2025/jetson/robot_ws/devel;/home/rmajetson/Trekking_2025/Jetson/catkin_ws/devel;/home/rmajetson/catkin_ws/devel;/opt/ros/noetic
-- Found PythonInterp: /usr/bin/python3 (found suitable version "3.8.10", minimum required is "3") 
-- Using PYTHON_EXECUTABLE: /usr/bin/python3
-- Using Debian Python package layout
-- Using empy: /usr/lib/python3/dist-packages/em.py
-- Using CATKIN_ENABLE_TESTING: ON
-- Call enable_testing()
-- Using CATKIN_TEST_RESULTS_DIR: /home/rmajetson/Work_2025/jetson/robot_ws/build/robot_scheduler/test_results
-- Forcing gtest/gmock from source, though one was otherwise available.
-- Found gtest sources under '/usr/src/googletest': gtests will be built
-- Found gmock sources under '/usr/src/googletest': gmock will be built
-- Found PythonInterp: /usr/bin/python3 (found version "3.8.10") 
-- Using Python nosetests: /usr/bin/nosetests3
-- catkin 0.8.12
-- BUILD_SHARED_LIBS is on
-- Using these message generators: gencpp;geneus;genlisp;gennodejs;genpy
-- robot_scheduler: 5 messages, 0 services
-- Installing devel-space wrapper /home/rmajetson/Work_2025/jetson/robot_ws/src/robot_scheduler/scripts/scheduler.py to /home/rmajetson/Work_2025/jetson/robot_ws/devel/.private/robot_scheduler/lib/robot_scheduler
-- Configuring done
-- Generating done
-- Build files have been written to: /home/rmajetson/Work_2025/jetson/robot_ws/build/robot_scheduler
[35m[1mScanning dependencies of target std_msgs_generate_messages_nodejs[0m
[  0%] Built target std_msgs_generate_messages_nodejs
[35m[1mScanning dependencies of target geometry_msgs_generate_messages_nodejs[0m
[  0%] Built target geometry_msgs_generate_messages_nodejs
[35m[1mScanning dependencies of target _robot_scheduler_generate_messages_check_deps_SchedulerCommand[0m
[  0%] Built target _robot_scheduler_generate_messages_check_deps_SchedulerCommand
[35m[1mScanning dependencies of target _robot_scheduler_generate_messages_check_deps_TaskRequest[0m
[  0%] Built target _robot_scheduler_generate_messages_check_deps_TaskRequest
[35m[1mScanning dependencies of target _robot_scheduler_generate_messages_check_deps_SchedulerResponse[0m
[  0%] Built target _robot_scheduler_generate_messages_check_deps_SchedulerResponse
[35m[1mScanning dependencies of target _robot_scheduler_generate_messages_check_deps_Object[0m
[  0%] Built target _robot_scheduler_generate_messages_check_deps_Object
[35m[1mScanning dependencies of target _robot_scheduler_generate_messages_check_deps_Subtask[0m
[  0%] Built target _robot_scheduler_generate_messages_check_deps_Subtask
[35m[1mScanning dependencies of target geometry_msgs_generate_messages_cpp[0m
[  0%] Built target geometry_msgs_generate_messages_cpp
[35m[1mScanning dependencies of target std_msgs_generate_messages_cpp[0m
[  0%] Built target std_msgs_generate_messages_cpp
[35m[1mScanning dependencies of target std_msgs_generate_messages_py[0m
[  0%] Built target std_msgs_generate_messages_py
[35m[1mScanning dependencies of target geometry_msgs_generate_messages_py[0m
[  0%] Built target geometry_msgs_generate_messages_py
[35m[1mScanning dependencies of target geometry_msgs_generate_messages_eus[0m
[  0%] Built target geometry_msgs_generate_messages_eus
[35m[1mScanning dependencies of target std_msgs_generate_messages_eus[0m
[  0%] Built target std_msgs_generate_messages_eus
[35m[1mScanning dependencies of target std_msgs_generate_messages_lisp[0m
[  0%] Built target std_msgs_generate_messages_lisp
[35m[1mScanning dependencies of target geometry_msgs_generate_messages_lisp[0m
[  0%] Built target geometry_msgs_generate_messages_lisp
[35m[1mScanning dependencies of target robot_scheduler_generate_messages_nodejs[0m
make[2]: Warning: File '/home/rmajetson/Work_2025/jetson/robot_ws/src/robot_scheduler/msg/SchedulerCommand.msg' has modification time 2295 s in the future
[  3%] [34m[1mGenerating Javascript code from robot_scheduler/SchedulerCommand.msg[0m
[  7%] [34m[1mGenerating Javascript code from robot_scheduler/SchedulerResponse.msg[0m
[ 11%] [34m[1mGenerating Javascript code from robot_scheduler/Object.msg[0m
[ 14%] [34m[1mGenerating Javascript code from robot_scheduler/Subtask.msg[0m
[ 18%] [34m[1mGenerating Javascript code from robot_scheduler/TaskRequest.msg[0m
make[2]: warning:  Clock skew detected.  Your build may be incomplete.
[ 18%] Built target robot_scheduler_generate_messages_nodejs
[35m[1mScanning dependencies of target robot_scheduler_generate_messages_cpp[0m
make[2]: Warning: File '/home/rmajetson/Work_2025/jetson/robot_ws/src/robot_scheduler/msg/SchedulerCommand.msg' has modification time 2293 s in the future
[ 22%] [34m[1mGenerating C++ code from robot_scheduler/SchedulerCommand.msg[0m
[ 25%] [34m[1mGenerating C++ code from robot_scheduler/SchedulerResponse.msg[0m
[ 29%] [34m[1mGenerating C++ code from robot_scheduler/Object.msg[0m
[ 33%] [34m[1mGenerating C++ code from robot_scheduler/Subtask.msg[0m
[ 37%] [34m[1mGenerating C++ code from robot_scheduler/TaskRequest.msg[0m
make[2]: warning:  Clock skew detected.  Your build may be incomplete.
[ 37%] Built target robot_scheduler_generate_messages_cpp
[35m[1mScanning dependencies of target robot_scheduler_generate_messages_py[0m
make[2]: Warning: File '/home/rmajetson/Work_2025/jetson/robot_ws/src/robot_scheduler/msg/SchedulerCommand.msg' has modification time 2290 s in the future
[ 40%] [34m[1mGenerating Python from MSG robot_scheduler/SchedulerCommand[0m
[ 44%] [34m[1mGenerating Python from MSG robot_scheduler/SchedulerResponse[0m
[ 48%] [34m[1mGenerating Python from MSG robot_scheduler/Object[0m
[ 51%] [34m[1mGenerating Python from MSG robot_scheduler/Subtask[0m
[ 55%] [34m[1mGenerating Python from MSG robot_scheduler/TaskRequest[0m
[ 59%] [34m[1mGenerating Python msg __init__.py for robot_scheduler[0m
make[2]: warning:  Clock skew detected.  Your build may be incomplete.
[ 59%] Built target robot_scheduler_generate_messages_py
[35m[1mScanning dependencies of target robot_scheduler_generate_messages_eus[0m
make[2]: Warning: File '/home/rmajetson/Work_2025/jetson/robot_ws/src/robot_scheduler/msg/SchedulerCommand.msg' has modification time 2286 s in the future
[ 62%] [34m[1mGenerating EusLisp code from robot_scheduler/SchedulerCommand.msg[0m
[ 66%] [34m[1mGenerating EusLisp code from robot_scheduler/SchedulerResponse.msg[0m
[ 70%] [34m[1mGenerating EusLisp code from robot_scheduler/Object.msg[0m
[ 74%] [34m[1mGenerating EusLisp code from robot_scheduler/Subtask.msg[0m
[ 77%] [34m[1mGenerating EusLisp code from robot_scheduler/TaskRequest.msg[0m
[ 81%] [34m[1mGenerating EusLisp manifest code for robot_scheduler[0m
make[2]: warning:  Clock skew detected.  Your build may be incomplete.
[ 81%] Built target robot_scheduler_generate_messages_eus
[35m[1mScanning dependencies of target robot_scheduler_generate_messages_lisp[0m
make[2]: Warning: File '/home/rmajetson/Work_2025/jetson/robot_ws/src/robot_scheduler/msg/SchedulerCommand.msg' has modification time 2284 s in the future
[ 85%] [34m[1mGenerating Lisp code from robot_scheduler/SchedulerCommand.msg[0m
[ 88%] [34m[1mGenerating Lisp code from robot_scheduler/SchedulerResponse.msg[0m
[ 92%] [34m[1mGenerating Lisp code from robot_scheduler/Object.msg[0m
[ 96%] [34m[1mGenerating Lisp code from robot_scheduler/Subtask.msg[0m
[100%] [34m[1mGenerating Lisp code from robot_scheduler/TaskRequest.msg[0m
make[2]: warning:  Clock skew detected.  Your build may be incomplete.
[100%] Built target robot_scheduler_generate_messages_lisp
[35m[1mScanning dependencies of target robot_scheduler_generate_messages[0m
[100%] Built target robot_scheduler_generate_messages
