[  0%] Built target std_msgs_generate_messages_nodejs
[  0%] Built target geometry_msgs_generate_messages_nodejs
[  0%] Built target _robot_scheduler_generate_messages_check_deps_SchedulerCommand
[ 18%] Built target _robot_scheduler_generate_messages_check_deps_TaskRequest
[ 18%] Built target _robot_scheduler_generate_messages_check_deps_SchedulerResponse
[ 37%] Built target geometry_msgs_generate_messages_cpp
[ 37%] Built target _robot_scheduler_generate_messages_check_deps_Object
[ 59%] Built target _robot_scheduler_generate_messages_check_deps_Subtask
[ 59%] Built target std_msgs_generate_messages_cpp
[ 59%] Built target std_msgs_generate_messages_py
[ 81%] Built target geometry_msgs_generate_messages_py
[ 81%] Built target geometry_msgs_generate_messages_eus
[ 81%] Built target std_msgs_generate_messages_eus
[100%] Built target std_msgs_generate_messages_lisp
[100%] Built target geometry_msgs_generate_messages_lisp
[100%] Built target robot_scheduler_generate_messages_nodejs
[100%] Built target robot_scheduler_generate_messages_cpp
Built target robot_scheduler_generate_messages_py
Built target robot_scheduler_generate_messages_eus
Built target robot_scheduler_generate_messages_lisp
Built target robot_scheduler_generate_messages
