[35m[1mScanning dependencies of target geometry_msgs_generate_messages_nodejs[0m
[35m[1mScanning dependencies of target _robot_scheduler_generate_messages_check_deps_TaskRequest[0m
[  0%] Built target std_msgs_generate_messages_nodejs
[  0%] Built target geometry_msgs_generate_messages_nodejs
[35m[1mScanning dependencies of target _robot_scheduler_generate_messages_check_deps_Subtask[0m
[35m[1mScanning dependencies of target _robot_scheduler_generate_messages_check_deps_Object[0m
[  0%] Built target _robot_scheduler_generate_messages_check_deps_TaskRequest
[  0%] Built target _robot_scheduler_generate_messages_check_deps_SchedulerResponse
[  0%] Built target _robot_scheduler_generate_messages_check_deps_SchedulerCommand
[35m[1mScanning dependencies of target geometry_msgs_generate_messages_cpp[0m
[  0%] Built target _robot_scheduler_generate_messages_check_deps_Subtask
[  0%] Built target std_msgs_generate_messages_cpp
[  0%] Built target geometry_msgs_generate_messages_cpp
[  0%] Built target std_msgs_generate_messages_py
[35m[1mScanning dependencies of target geometry_msgs_generate_messages_eus[0m
[  0%] Built target _robot_scheduler_generate_messages_check_deps_Object
[35m[1mScanning dependencies of target geometry_msgs_generate_messages_py[0m
[  0%] Built target std_msgs_generate_messages_eus
[  0%] Built target geometry_msgs_generate_messages_eus
[35m[1mScanning dependencies of target geometry_msgs_generate_messages_lisp[0m
[  0%] Built target geometry_msgs_generate_messages_py
[  3%] [34m[1mGenerating Javascript code from robot_scheduler/SchedulerCommand.msg[0m
[  7%] Built target std_msgs_generate_messages_lisp
[  7%] Built target geometry_msgs_generate_messages_lisp
[  7%] [34m[1mGenerating Javascript code from robot_scheduler/SchedulerResponse.msg[0m
[ 11%] [34m[1mGenerating C++ code from robot_scheduler/SchedulerCommand.msg[0m
[ 14%] [34m[1mGenerating Javascript code from robot_scheduler/Object.msg[0m
[ 18%] [34m[1mGenerating EusLisp code from robot_scheduler/SchedulerCommand.msg[0m
[ 22%] [34m[1mGenerating EusLisp code from robot_scheduler/Object.msg[0m
[ 25%] [34m[1mGenerating EusLisp code from robot_scheduler/SchedulerResponse.msg[0m
[ 29%] [34m[1mGenerating Javascript code from robot_scheduler/Subtask.msg[0m
[ 33%] [34m[1mGenerating Javascript code from robot_scheduler/TaskRequest.msg[0m
[ 37%] [34m[1mGenerating C++ code from robot_scheduler/SchedulerResponse.msg[0m
[ 40%] [34m[1mGenerating EusLisp code from robot_scheduler/Subtask.msg[0m
[ 48%] [34m[1mGenerating EusLisp code from robot_scheduler/TaskRequest.msg[0m
[ 48%] [34m[1mGenerating EusLisp manifest code for robot_scheduler[0m
[ 48%] Built target robot_scheduler_generate_messages_nodejs
[ 51%] [34m[1mGenerating Python from MSG robot_scheduler/SchedulerCommand[0m
[ 55%] [34m[1mGenerating C++ code from robot_scheduler/Object.msg[0m
[ 59%] [34m[1mGenerating C++ code from robot_scheduler/Subtask.msg[0m
[ 62%] [34m[1mGenerating C++ code from robot_scheduler/TaskRequest.msg[0m
[ 66%] [34m[1mGenerating Python from MSG robot_scheduler/SchedulerResponse[0m
[ 70%] [34m[1mGenerating Lisp code from robot_scheduler/SchedulerCommand.msg[0m
[ 74%] [34m[1mGenerating Lisp code from robot_scheduler/SchedulerResponse.msg[0m
[ 77%] [34m[1mGenerating Python from MSG robot_scheduler/Object[0m
[ 77%] Built target robot_scheduler_generate_messages_cpp
[ 81%] [34m[1mGenerating Lisp code from robot_scheduler/Object.msg[0m
[ 85%] [34m[1mGenerating Lisp code from robot_scheduler/Subtask.msg[0m
[ 88%] [34m[1mGenerating Lisp code from robot_scheduler/TaskRequest.msg[0m
[ 92%] [34m[1mGenerating Python from MSG robot_scheduler/Subtask[0m
[ 96%] [34m[1mGenerating Python from MSG robot_scheduler/TaskRequest[0m
[ 96%] Built target robot_scheduler_generate_messages_lisp
[ 96%] Built target robot_scheduler_generate_messages_eus
[100%] [34m[1mGenerating Python msg __init__.py for robot_scheduler[0m
[100%] Built target robot_scheduler_generate_messages_py
[100%] Built target robot_scheduler_generate_messages
