[  0%] Built target geometry_msgs_generate_messages_nodejs
[  0%] Built target std_msgs_generate_messages_nodejs
[  0%] Built target geometry_msgs_generate_messages_cpp
[  0%] Built target _robot_scheduler_generate_messages_check_deps_SchedulerResponse
[  0%] Built target _robot_scheduler_generate_messages_check_deps_Object
[  0%] Built target _robot_scheduler_generate_messages_check_deps_TaskRequest
[  0%] Built target _robot_scheduler_generate_messages_check_deps_SchedulerCommand
[  0%] Built target std_msgs_generate_messages_py
[  0%] Built target geometry_msgs_generate_messages_py
[  0%] Built target std_msgs_generate_messages_eus
[  0%] Built target geometry_msgs_generate_messages_eus
[  0%] Built target std_msgs_generate_messages_cpp
[  0%] Built target _robot_scheduler_generate_messages_check_deps_Subtask
[  0%] Built target std_msgs_generate_messages_lisp
[  0%] Built target geometry_msgs_generate_messages_lisp
[  3%] [34m[1mGenerating Javascript code from robot_scheduler/SchedulerCommand.msg[0m
[ 11%] [34m[1mGenerating EusLisp code from robot_scheduler/SchedulerCommand.msg[0m
[ 11%] [34m[1mGenerating Python from MSG robot_scheduler/SchedulerCommand[0m
[ 14%] [34m[1mGenerating C++ code from robot_scheduler/SchedulerCommand.msg[0m
[ 18%] [34m[1mGenerating Lisp code from robot_scheduler/SchedulerCommand.msg[0m
[ 33%] Built target robot_scheduler_generate_messages_nodejs
[ 48%] Built target robot_scheduler_generate_messages_lisp
[ 66%] Built target robot_scheduler_generate_messages_eus
[ 81%] Built target robot_scheduler_generate_messages_cpp
[ 85%] [34m[1mGenerating Python msg __init__.py for robot_scheduler[0m
[100%] Built target robot_scheduler_generate_messages_py
[100%] Built target robot_scheduler_generate_messages
